// Jest Snapshot v1, https://goo.gl/fbAQLP

exports[`main data 1`] = `
Object {
  "body": Object {
    "data": Array [
      Object {
        "amount": undefined,
        "due_date": 2001-01-01T00:00:00.000Z,
        "fiscal_code": "ISPXNB32R82Y766F",
        "invalid_after_due_date": undefined,
        "markdown": "# Welcome, Giovanni Rossi\\\\nThis is a test message.\\\\n.This message was sent using the IO-SDK.\\\\nYour fiscal code is ISPXNB32R82Y766F\\\\nWe hope you are enjoing using IO.\\\\n",
        "notice_number": undefined,
        "subject": "Hi Giovanni",
        "time_to_live": 3600,
      },
      Object {
        "amount": undefined,
        "due_date": 2002-02-02T00:00:00.000Z,
        "fiscal_code": "ISPXNB32R82Y766D",
        "invalid_after_due_date": undefined,
        "markdown": "# Welcome, Luca Rossi\\\\nThis is a test message.\\\\n.This message was sent using the IO-SDK.\\\\nYour fiscal code is ISPXNB32R82Y766D\\\\nWe hope you are enjoing using IO.\\\\n",
        "notice_number": undefined,
        "subject": "Hi Luca",
        "time_to_live": 3600,
      },
    ],
  },
}
`;

exports[`main form 1`] = `
Object {
  "body": Object {
    "form": Array [
      Object {
        "description": "Upload the Excel file in the configured format",
        "name": "note",
        "type": "message",
      },
      Object {
        "description": "Excel File",
        "name": "file",
        "required": true,
        "type": "upload",
      },
    ],
  },
}
`;
